Archive member included to satisfy reference by file (symbol)

/opt/stm32cubeide/plugins/com.st.stm32cube.ide.mcu.externaltools.gnu-tools-for-stm32.7-2018-q2-update.linux64_1.0.0.201904181610/tools/bin/../lib/gcc/arm-none-eabi/7.3.1/../../../../arm-none-eabi/lib/thumb/v7-m/libc_nano.a(lib_a-errno.o)
                              Core/Src/syscalls.o (__errno)
/opt/stm32cubeide/plugins/com.st.stm32cube.ide.mcu.externaltools.gnu-tools-for-stm32.7-2018-q2-update.linux64_1.0.0.201904181610/tools/bin/../lib/gcc/arm-none-eabi/7.3.1/../../../../arm-none-eabi/lib/thumb/v7-m/libc_nano.a(lib_a-exit.o)
                              /opt/stm32cubeide/plugins/com.st.stm32cube.ide.mcu.externaltools.gnu-tools-for-stm32.7-2018-q2-update.linux64_1.0.0.201904181610/tools/bin/../lib/gcc/arm-none-eabi/7.3.1/../../../../arm-none-eabi/lib/thumb/v7-m/crt0.o (exit)
/opt/stm32cubeide/plugins/com.st.stm32cube.ide.mcu.externaltools.gnu-tools-for-stm32.7-2018-q2-update.linux64_1.0.0.201904181610/tools/bin/../lib/gcc/arm-none-eabi/7.3.1/../../../../arm-none-eabi/lib/thumb/v7-m/libc_nano.a(lib_a-impure.o)
                              /opt/stm32cubeide/plugins/com.st.stm32cube.ide.mcu.externaltools.gnu-tools-for-stm32.7-2018-q2-update.linux64_1.0.0.201904181610/tools/bin/../lib/gcc/arm-none-eabi/7.3.1/../../../../arm-none-eabi/lib/thumb/v7-m/libc_nano.a(lib_a-exit.o) (_global_impure_ptr)
/opt/stm32cubeide/plugins/com.st.stm32cube.ide.mcu.externaltools.gnu-tools-for-stm32.7-2018-q2-update.linux64_1.0.0.201904181610/tools/bin/../lib/gcc/arm-none-eabi/7.3.1/../../../../arm-none-eabi/lib/thumb/v7-m/libc_nano.a(lib_a-init.o)
                              /opt/stm32cubeide/plugins/com.st.stm32cube.ide.mcu.externaltools.gnu-tools-for-stm32.7-2018-q2-update.linux64_1.0.0.201904181610/tools/bin/../lib/gcc/arm-none-eabi/7.3.1/../../../../arm-none-eabi/lib/thumb/v7-m/crt0.o (__libc_init_array)
/opt/stm32cubeide/plugins/com.st.stm32cube.ide.mcu.externaltools.gnu-tools-for-stm32.7-2018-q2-update.linux64_1.0.0.201904181610/tools/bin/../lib/gcc/arm-none-eabi/7.3.1/../../../../arm-none-eabi/lib/thumb/v7-m/libc_nano.a(lib_a-memset.o)
                              /opt/stm32cubeide/plugins/com.st.stm32cube.ide.mcu.externaltools.gnu-tools-for-stm32.7-2018-q2-update.linux64_1.0.0.201904181610/tools/bin/../lib/gcc/arm-none-eabi/7.3.1/../../../../arm-none-eabi/lib/thumb/v7-m/crt0.o (memset)

Allocating common symbols
Common symbol       size              file

USERPath            0x4               FATFS/App/fatfs.o
audioFlag           0x4               Core/Src/main.o
hspi2               0x58              Core/Src/main.o
htim4               0x40              Core/Src/main.o
uwTick              0x4               Drivers/STM32F1xx_HAL_Driver/Src/stm32f1xx_hal.o
pFlash              0x20              Drivers/STM32F1xx_HAL_Driver/Src/stm32f1xx_hal_flash.o
audioDataInd        0x4               Core/Src/main.o
retUSER             0x1               FATFS/App/fatfs.o
hrtc                0x14              Core/Src/main.o
Timer2              0x1               Core/Src/stm32f1xx_it.o
hspi1               0x58              Core/Src/main.o
Timer1              0x1               Core/Src/stm32f1xx_it.o
USERFile            0x102c            FATFS/App/fatfs.o
USERFatFS           0x1030            FATFS/App/fatfs.o
audioBuffer         0x800             Core/Src/main.o

Discarded input sections

 .text          0x0000000000000000        0x0 /opt/stm32cubeide/plugins/com.st.stm32cube.ide.mcu.externaltools.gnu-tools-for-stm32.7-2018-q2-update.linux64_1.0.0.201904181610/tools/bin/../lib/gcc/arm-none-eabi/7.3.1/thumb/v7-m/crti.o
 .data          0x0000000000000000        0x0 /opt/stm32cubeide/plugins/com.st.stm32cube.ide.mcu.externaltools.gnu-tools-for-stm32.7-2018-q2-update.linux64_1.0.0.201904181610/tools/bin/../lib/gcc/arm-none-eabi/7.3.1/thumb/v7-m/crti.o
 .bss           0x0000000000000000        0x0 /opt/stm32cubeide/plugins/com.st.stm32cube.ide.mcu.externaltools.gnu-tools-for-stm32.7-2018-q2-update.linux64_1.0.0.201904181610/tools/bin/../lib/gcc/arm-none-eabi/7.3.1/thumb/v7-m/crti.o
 .data          0x0000000000000000        0x4 /opt/stm32cubeide/plugins/com.st.stm32cube.ide.mcu.externaltools.gnu-tools-for-stm32.7-2018-q2-update.linux64_1.0.0.201904181610/tools/bin/../lib/gcc/arm-none-eabi/7.3.1/thumb/v7-m/crtbegin.o
 .text          0x0000000000000000       0x74 /opt/stm32cubeide/plugins/com.st.stm32cube.ide.mcu.externaltools.gnu-tools-for-stm32.7-2018-q2-update.linux64_1.0.0.201904181610/tools/bin/../lib/gcc/arm-none-eabi/7.3.1/../../../../arm-none-eabi/lib/thumb/v7-m/crt0.o
 .data          0x0000000000000000        0x0 /opt/stm32cubeide/plugins/com.st.stm32cube.ide.mcu.externaltools.gnu-tools-for-stm32.7-2018-q2-update.linux64_1.0.0.201904181610/tools/bin/../lib/gcc/arm-none-eabi/7.3.1/../../../../arm-none-eabi/lib/thumb/v7-m/crt0.o
[...]
Memory Configuration

Name             Origin             Length             Attributes
RAM              0x0000000020000000 0x0000000000005000 xrw
FLASH            0x0000000008000000 0x0000000000010000 xr
*default*        0x0000000000000000 0xffffffffffffffff

Linker script and memory map

LOAD /opt/stm32cubeide/plugins/com.st.stm32cube.ide.mcu.externaltools.gnu-tools-for-stm32.7-2018-q2-update.linux64_1.0.0.201904181610/tools/bin/../lib/gcc/arm-none-eabi/7.3.1/thumb/v7-m/crti.o
LOAD /opt/stm32cubeide/plugins/com.st.stm32cube.ide.mcu.externaltools.gnu-tools-for-stm32.7-2018-q2-update.linux64_1.0.0.201904181610/tools/bin/../lib/gcc/arm-none-eabi/7.3.1/thumb/v7-m/crtbegin.o
LOAD /opt/stm32cubeide/plugins/com.st.stm32cube.ide.mcu.externaltools.gnu-tools-for-stm32.7-2018-q2-update.linux64_1.0.0.201904181610/tools/bin/../lib/gcc/arm-none-eabi/7.3.1/../../../../arm-none-eabi/lib/thumb/v7-m/crt0.o
LOAD Core/Src/fatfs_sd.o
LOAD Core/Src/main.o
LOAD Core/Src/stm32f1xx_hal_msp.o
LOAD Core/Src/stm32f1xx_it.o
LOAD Core/Src/syscalls.o
LOAD Core/Src/sysmem.o
LOAD Core/Src/system_stm32f1xx.o
LOAD Core/Src/wave.o
LOAD Core/Startup/startup_stm32f103c8tx.o
LOAD Drivers/STM32F1xx_HAL_Driver/Src/stm32f1xx_hal.o
LOAD Drivers/STM32F1xx_HAL_Driver/Src/stm32f1xx_hal_cortex.o
LOAD Drivers/STM32F1xx_HAL_Driver/Src/stm32f1xx_hal_dma.o
LOAD Drivers/STM32F1xx_HAL_Driver/Src/stm32f1xx_hal_exti.o
LOAD Drivers/STM32F1xx_HAL_Driver/Src/stm32f1xx_hal_flash.o
LOAD Drivers/STM32F1xx_HAL_Driver/Src/stm32f1xx_hal_flash_ex.o
LOAD Drivers/STM32F1xx_HAL_Driver/Src/stm32f1xx_hal_gpio.o
LOAD Drivers/STM32F1xx_HAL_Driver/Src/stm32f1xx_hal_gpio_ex.o
LOAD Drivers/STM32F1xx_HAL_Driver/Src/stm32f1xx_hal_pwr.o
LOAD Drivers/STM32F1xx_HAL_Driver/Src/stm32f1xx_hal_rcc.o
LOAD Drivers/STM32F1xx_HAL_Driver/Src/stm32f1xx_hal_rcc_ex.o
LOAD Drivers/STM32F1xx_HAL_Driver/Src/stm32f1xx_hal_rtc.o
LOAD Drivers/STM32F1xx_HAL_Driver/Src/stm32f1xx_hal_rtc_ex.o
LOAD Drivers/STM32F1xx_HAL_Driver/Src/stm32f1xx_hal_spi.o
LOAD Drivers/STM32F1xx_HAL_Driver/Src/stm32f1xx_hal_tim.o
LOAD Drivers/STM32F1xx_HAL_Driver/Src/stm32f1xx_hal_tim_ex.o
LOAD FATFS/App/fatfs.o
LOAD FATFS/Target/user_diskio.o
LOAD Middlewares/Third_Party/FatFs/src/diskio.o
LOAD Middlewares/Third_Party/FatFs/src/ff.o
LOAD Middlewares/Third_Party/FatFs/src/ff_gen_drv.o
LOAD Middlewares/Third_Party/FatFs/src/option/ccsbcs.o
LOAD Middlewares/Third_Party/FatFs/src/option/syscall.o
START GROUP
LOAD /opt/stm32cubeide/plugins/com.st.stm32cube.ide.mcu.externaltools.gnu-tools-for-stm32.7-2018-q2-update.linux64_1.0.0.201904181610/tools/bin/../lib/gcc/arm-none-eabi/7.3.1/../../../../arm-none-eabi/lib/thumb/v7-m/libc_nano.a
LOAD /opt/stm32cubeide/plugins/com.st.stm32cube.ide.mcu.externaltools.gnu-tools-for-stm32.7-2018-q2-update.linux64_1.0.0.201904181610/tools/bin/../lib/gcc/arm-none-eabi/7.3.1/../../../../arm-none-eabi/lib/thumb/v7-m/libm.a
END GROUP
START GROUP
LOAD /opt/stm32cubeide/plugins/com.st.stm32cube.ide.mcu.externaltools.gnu-tools-for-stm32.7-2018-q2-update.linux64_1.0.0.201904181610/tools/bin/../lib/gcc/arm-none-eabi/7.3.1/thumb/v7-m/libgcc.a
LOAD /opt/stm32cubeide/plugins/com.st.stm32cube.ide.mcu.externaltools.gnu-tools-for-stm32.7-2018-q2-update.linux64_1.0.0.201904181610/tools/bin/../lib/gcc/arm-none-eabi/7.3.1/../../../../arm-none-eabi/lib/thumb/v7-m/libc_nano.a
END GROUP
START GROUP
LOAD /opt/stm32cubeide/plugins/com.st.stm32cube.ide.mcu.externaltools.gnu-tools-for-stm32.7-2018-q2-update.linux64_1.0.0.201904181610/tools/bin/../lib/gcc/arm-none-eabi/7.3.1/thumb/v7-m/libgcc.a
LOAD /opt/stm32cubeide/plugins/com.st.stm32cube.ide.mcu.externaltools.gnu-tools-for-stm32.7-2018-q2-update.linux64_1.0.0.201904181610/tools/bin/../lib/gcc/arm-none-eabi/7.3.1/../../../../arm-none-eabi/lib/thumb/v7-m/libc_nano.a
LOAD /opt/stm32cubeide/plugins/com.st.stm32cube.ide.mcu.externaltools.gnu-tools-for-stm32.7-2018-q2-update.linux64_1.0.0.201904181610/tools/bin/../lib/gcc/arm-none-eabi/7.3.1/../../../../arm-none-eabi/lib/thumb/v7-m/libnosys.a
END GROUP
START GROUP
LOAD /opt/stm32cubeide/plugins/com.st.stm32cube.ide.mcu.externaltools.gnu-tools-for-stm32.7-2018-q2-update.linux64_1.0.0.201904181610/tools/bin/../lib/gcc/arm-none-eabi/7.3.1/thumb/v7-m/libgcc.a
LOAD /opt/stm32cubeide/plugins/com.st.stm32cube.ide.mcu.externaltools.gnu-tools-for-stm32.7-2018-q2-update.linux64_1.0.0.201904181610/tools/bin/../lib/gcc/arm-none-eabi/7.3.1/../../../../arm-none-eabi/lib/thumb/v7-m/libc_nano.a
LOAD /opt/stm32cubeide/plugins/com.st.stm32cube.ide.mcu.externaltools.gnu-tools-for-stm32.7-2018-q2-update.linux64_1.0.0.201904181610/tools/bin/../lib/gcc/arm-none-eabi/7.3.1/../../../../arm-none-eabi/lib/thumb/v7-m/libnosys.a
END GROUP
LOAD /opt/stm32cubeide/plugins/com.st.stm32cube.ide.mcu.externaltools.gnu-tools-for-stm32.7-2018-q2-update.linux64_1.0.0.201904181610/tools/bin/../lib/gcc/arm-none-eabi/7.3.1/thumb/v7-m/crtend.o
LOAD /opt/stm32cubeide/plugins/com.st.stm32cube.ide.mcu.externaltools.gnu-tools-for-stm32.7-2018-q2-update.linux64_1.0.0.201904181610/tools/bin/../lib/gcc/arm-none-eabi/7.3.1/thumb/v7-m/crtn.o
                0x0000000020005000                _estack = (ORIGIN (RAM) + LENGTH (RAM))
                0x0000000000000200                _Min_Heap_Size = 0x200
                0x0000000000000400                _Min_Stack_Size = 0x400

.isr_vector     0x0000000008000000      0x10c
                0x0000000008000000                . = ALIGN (0x4)
 *(.isr_vector)
 .isr_vector    0x0000000008000000      0x10c Core/Startup/startup_stm32f103c8tx.o
                0x0000000008000000                g_pfnVectors
                0x000000000800010c                . = ALIGN (0x4)

.text           0x000000000800010c     0x7080
                0x000000000800010c                . = ALIGN (0x4)
 *(.text)
 .text          0x000000000800010c       0x40 /opt/stm32cubeide/plugins/com.st.stm32cube.ide.mcu.externaltools.gnu-tools-for-stm32.7-2018-q2-update.linux64_1.0.0.201904181610/tools/bin/../lib/gcc/arm-none-eabi/7.3.1/thumb/v7-m/crtbegin.o
 *(.text*)
 .text.SELECT   0x000000000800014c       0x18 Core/Src/fatfs_sd.o
 .text.DESELECT
                0x0000000008000164       0x18 Core/Src/fatfs_sd.o
 .text.SPI_TxByte
                0x000000000800017c       0x34 Core/Src/fatfs_sd.o
 .text.SPI_RxByte
                0x00000000080001b0       0x3c Core/Src/fatfs_sd.o
 .text.SPI_RxBytePtr
                0x00000000080001ec       0x1c Core/Src/fatfs_sd.o
 .text.SD_ReadyWait
                0x0000000008000208       0x38 Core/Src/fatfs_sd.o
 .text.SD_PowerOn
                0x0000000008000240       0x98 Core/Src/fatfs_sd.o
 .text.SD_PowerOff
                0x00000000080002d8       0x18 Core/Src/fatfs_sd.o
 .text.SD_CheckPower
                0x00000000080002f0       0x14 Core/Src/fatfs_sd.o
 .text.SD_RxDataBlock
                0x0000000008000304       0x6c Core/Src/fatfs_sd.o
 .text.SD_TxDataBlock
                0x0000000008000370       0xa8 Core/Src/fatfs_sd.o
 .text.SD_SendCmd
                0x0000000008000418       0xa4 Core/Src/fatfs_sd.o
 .text.SD_disk_initialize
                0x00000000080004bc      0x1d4 Core/Src/fatfs_sd.o
                0x00000000080004bc                SD_disk_initialize
 .text.SD_disk_status
                0x0000000008000690       0x28 Core/Src/fatfs_sd.o
                0x0000000008000690                SD_disk_status
 .text.SD_disk_read
                0x00000000080006b8       0xd4 Core/Src/fatfs_sd.o
                0x00000000080006b8                SD_disk_read
 .text.SD_disk_write
                0x000000000800078c      0x108 Core/Src/fatfs_sd.o
                0x000000000800078c                SD_disk_write
 .text.SD_disk_ioctl
                0x0000000008000894      0x25c Core/Src/fatfs_sd.o
                0x0000000008000894                SD_disk_ioctl
 .text.main     0x0000000008000af0      0x2e4 Core/Src/main.o
                0x0000000008000af0                main
 .text.SystemClock_Config
                0x0000000008000dd4       0xba Core/Src/main.o
                0x0000000008000dd4                SystemClock_Config
 *fill*         0x0000000008000e8e        0x2 
 .text.MX_RTC_Init
                0x0000000008000e90       0x38 Core/Src/main.o
 .text.MX_SPI1_Init
                0x0000000008000ec8       0x6c Core/Src/main.o
 .text.MX_SPI2_Init
                0x0000000008000f34       0x6c Core/Src/main.o
 .text.MX_TIM4_Init
                0x0000000008000fa0       0x9c Core/Src/main.o
 .text.MX_GPIO_Init
                0x000000000800103c       0xd8 Core/Src/main.o
 .text.Error_Handler
                0x0000000008001114        0xc Core/Src/main.o
                0x0000000008001114                Error_Handler
 .text.HAL_MspInit
                0x0000000008001120       0x64 Core/Src/stm32f1xx_hal_msp.o
                0x0000000008001120                HAL_MspInit
 .text.HAL_RTC_MspInit
                0x0000000008001184       0x48 Core/Src/stm32f1xx_hal_msp.o
                0x0000000008001184                HAL_RTC_MspInit
 .text.HAL_SPI_MspInit
                0x00000000080011cc       0xf4 Core/Src/stm32f1xx_hal_msp.o
                0x00000000080011cc                HAL_SPI_MspInit
 .text.HAL_TIM_Base_MspInit
                0x00000000080012c0       0x4c Core/Src/stm32f1xx_hal_msp.o
                0x00000000080012c0                HAL_TIM_Base_MspInit
 .text.SDTimer_Handler
                0x000000000800130c       0x44 Core/Src/stm32f1xx_it.o
                0x000000000800130c                SDTimer_Handler
 .text.NMI_Handler
                0x0000000008001350        0xc Core/Src/stm32f1xx_it.o
                0x0000000008001350                NMI_Handler
 .text.HardFault_Handler
                0x000000000800135c        0x6 Core/Src/stm32f1xx_it.o
                0x000000000800135c                HardFault_Handler
 .text.MemManage_Handler
                0x0000000008001362        0x6 Core/Src/stm32f1xx_it.o
                0x0000000008001362                MemManage_Handler
 .text.BusFault_Handler
                0x0000000008001368        0x6 Core/Src/stm32f1xx_it.o
                0x0000000008001368                BusFault_Handler
 .text.UsageFault_Handler
                0x000000000800136e        0x6 Core/Src/stm32f1xx_it.o
                0x000000000800136e                UsageFault_Handler
 .text.SVC_Handler
                0x0000000008001374        0xc Core/Src/stm32f1xx_it.o
                0x0000000008001374                SVC_Handler
 .text.DebugMon_Handler
                0x0000000008001380        0xc Core/Src/stm32f1xx_it.o
                0x0000000008001380                DebugMon_Handler
 .text.PendSV_Handler
                0x000000000800138c        0xc Core/Src/stm32f1xx_it.o
                0x000000000800138c                PendSV_Handler
 .text.SysTick_Handler
                0x0000000008001398       0x34 Core/Src/stm32f1xx_it.o
                0x0000000008001398                SysTick_Handler
 .text.TIM4_IRQHandler
                0x00000000080013cc       0x18 Core/Src/stm32f1xx_it.o
                0x00000000080013cc                TIM4_IRQHandler
 .text.SystemInit
                0x00000000080013e4       0x68 Core/Src/system_stm32f1xx.o
                0x00000000080013e4                SystemInit
 .text.fixWave  0x000000000800144c       0x12 Core/Src/wave.o
                0x000000000800144c                fixWave
 *fill*         0x000000000800145e        0x2 
 .text.sendSample
                0x0000000008001460       0xac Core/Src/wave.o
                0x0000000008001460                sendSample
 .text.Reset_Handler
                0x000000000800150c       0x48 Core/Startup/startup_stm32f103c8tx.o
                0x000000000800150c                Reset_Handler
 .text.Default_Handler
                0x0000000008001554        0x2 Core/Startup/startup_stm32f103c8tx.o
                0x0000000008001554                RTC_Alarm_IRQHandler
                0x0000000008001554                EXTI2_IRQHandler
                0x0000000008001554                TIM1_CC_IRQHandler
                0x0000000008001554                PVD_IRQHandler
                0x0000000008001554                EXTI3_IRQHandler
                0x0000000008001554                EXTI0_IRQHandler
                0x0000000008001554                I2C2_EV_IRQHandler
                0x0000000008001554                ADC1_2_IRQHandler
                0x0000000008001554                SPI1_IRQHandler
                0x0000000008001554                TAMPER_IRQHandler
                0x0000000008001554                DMA1_Channel4_IRQHandler
                0x0000000008001554                USART3_IRQHandler
                0x0000000008001554                RTC_IRQHandler
                0x0000000008001554                DMA1_Channel7_IRQHandler
                0x0000000008001554                CAN1_RX1_IRQHandler
                0x0000000008001554                I2C1_EV_IRQHandler
                0x0000000008001554                DMA1_Channel6_IRQHandler
                0x0000000008001554                TIM3_IRQHandler
                0x0000000008001554                RCC_IRQHandler
                0x0000000008001554                TIM1_TRG_COM_IRQHandler
                0x0000000008001554                DMA1_Channel1_IRQHandler
                0x0000000008001554                Default_Handler
                0x0000000008001554                EXTI15_10_IRQHandler
                0x0000000008001554                EXTI9_5_IRQHandler
                0x0000000008001554                SPI2_IRQHandler
                0x0000000008001554                DMA1_Channel5_IRQHandler
                0x0000000008001554                EXTI4_IRQHandler
                0x0000000008001554                USB_LP_CAN1_RX0_IRQHandler
                0x0000000008001554                USB_HP_CAN1_TX_IRQHandler
                0x0000000008001554                DMA1_Channel3_IRQHandler
                0x0000000008001554                TIM1_UP_IRQHandler
                0x0000000008001554                WWDG_IRQHandler
                0x0000000008001554                TIM2_IRQHandler
                0x0000000008001554                TIM1_BRK_IRQHandler
                0x0000000008001554                EXTI1_IRQHandler
                0x0000000008001554                USART2_IRQHandler
                0x0000000008001554                I2C2_ER_IRQHandler
                0x0000000008001554                DMA1_Channel2_IRQHandler
                0x0000000008001554                CAN1_SCE_IRQHandler
                0x0000000008001554                FLASH_IRQHandler
                0x0000000008001554                USART1_IRQHandler
                0x0000000008001554                I2C1_ER_IRQHandler
                0x0000000008001554                USBWakeUp_IRQHandler
 *fill*         0x0000000008001556        0x2 
 .text.HAL_Init
                0x0000000008001558       0x2c Drivers/STM32F1xx_HAL_Driver/Src/stm32f1xx_hal.o
                0x0000000008001558                HAL_Init
 .text.HAL_InitTick
                0x0000000008001584       0x60 Drivers/STM32F1xx_HAL_Driver/Src/stm32f1xx_hal.o
                0x0000000008001584                HAL_InitTick
 .text.HAL_IncTick
                0x00000000080015e4       0x24 Drivers/STM32F1xx_HAL_Driver/Src/stm32f1xx_hal.o
                0x00000000080015e4                HAL_IncTick
 .text.HAL_GetTick
                0x0000000008001608       0x14 Drivers/STM32F1xx_HAL_Driver/Src/stm32f1xx_hal.o
                0x0000000008001608                HAL_GetTick
 .text.__NVIC_SetPriorityGrouping
                0x000000000800161c       0x48 Drivers/STM32F1xx_HAL_Driver/Src/stm32f1xx_hal_cortex.o
 .text.__NVIC_GetPriorityGrouping
                0x0000000008001664       0x1c Drivers/STM32F1xx_HAL_Driver/Src/stm32f1xx_hal_cortex.o
 .text.__NVIC_EnableIRQ
                0x0000000008001680       0x38 Drivers/STM32F1xx_HAL_Driver/Src/stm32f1xx_hal_cortex.o
 .text.__NVIC_SetPriority
                0x00000000080016b8       0x54 Drivers/STM32F1xx_HAL_Driver/Src/stm32f1xx_hal_cortex.o
 .text.NVIC_EncodePriority
                0x000000000800170c       0x64 Drivers/STM32F1xx_HAL_Driver/Src/stm32f1xx_hal_cortex.o
 .text.SysTick_Config
                0x0000000008001770       0x44 Drivers/STM32F1xx_HAL_Driver/Src/stm32f1xx_hal_cortex.o
 .text.HAL_NVIC_SetPriorityGrouping
                0x00000000080017b4       0x16 Drivers/STM32F1xx_HAL_Driver/Src/stm32f1xx_hal_cortex.o
                0x00000000080017b4                HAL_NVIC_SetPriorityGrouping
 .text.HAL_NVIC_SetPriority
                0x00000000080017ca       0x38 Drivers/STM32F1xx_HAL_Driver/Src/stm32f1xx_hal_cortex.o
                0x00000000080017ca                HAL_NVIC_SetPriority
 .text.HAL_NVIC_EnableIRQ
                0x0000000008001802       0x1c Drivers/STM32F1xx_HAL_Driver/Src/stm32f1xx_hal_cortex.o
                0x0000000008001802                HAL_NVIC_EnableIRQ
 .text.HAL_SYSTICK_Config
                0x000000000800181e       0x18 Drivers/STM32F1xx_HAL_Driver/Src/stm32f1xx_hal_cortex.o
                0x000000000800181e                HAL_SYSTICK_Config
 *fill*         0x0000000008001836        0x2 
 .text.HAL_GPIO_Init
                0x0000000008001838      0x2b4 Drivers/STM32F1xx_HAL_Driver/Src/stm32f1xx_hal_gpio.o
                0x0000000008001838                HAL_GPIO_Init
 .text.HAL_GPIO_WritePin
                0x0000000008001aec       0x30 Drivers/STM32F1xx_HAL_Driver/Src/stm32f1xx_hal_gpio.o
                0x0000000008001aec                HAL_GPIO_WritePin
 .text.HAL_PWR_EnableBkUpAccess
                0x0000000008001b1c       0x18 Drivers/STM32F1xx_HAL_Driver/Src/stm32f1xx_hal_pwr.o
                0x0000000008001b1c                HAL_PWR_EnableBkUpAccess
 .text.HAL_RCC_OscConfig
                0x0000000008001b34      0x500 Drivers/STM32F1xx_HAL_Driver/Src/stm32f1xx_hal_rcc.o
                0x0000000008001b34                HAL_RCC_OscConfig
 .text.HAL_RCC_ClockConfig
                0x0000000008002034      0x1d4 Drivers/STM32F1xx_HAL_Driver/Src/stm32f1xx_hal_rcc.o
                0x0000000008002034                HAL_RCC_ClockConfig
 .text.HAL_RCC_GetSysClockFreq
                0x0000000008002208       0xc4 Drivers/STM32F1xx_HAL_Driver/Src/stm32f1xx_hal_rcc.o
                0x0000000008002208                HAL_RCC_GetSysClockFreq
 .text.HAL_RCC_GetHCLKFreq
                0x00000000080022cc       0x14 Drivers/STM32F1xx_HAL_Driver/Src/stm32f1xx_hal_rcc.o
                0x00000000080022cc                HAL_RCC_GetHCLKFreq
 .text.HAL_RCC_GetPCLK2Freq
                0x00000000080022e0       0x28 Drivers/STM32F1xx_HAL_Driver/Src/stm32f1xx_hal_rcc.o
                0x00000000080022e0                HAL_RCC_GetPCLK2Freq
 .text.RCC_Delay
                0x0000000008002308       0x3c Drivers/STM32F1xx_HAL_Driver/Src/stm32f1xx_hal_rcc.o
 .text.HAL_RCCEx_PeriphCLKConfig
                0x0000000008002344      0x16c Drivers/STM32F1xx_HAL_Driver/Src/stm32f1xx_hal_rcc_ex.o
                0x0000000008002344                HAL_RCCEx_PeriphCLKConfig
 .text.HAL_RCCEx_GetPeriphCLKFreq
                0x00000000080024b0      0x178 Drivers/STM32F1xx_HAL_Driver/Src/stm32f1xx_hal_rcc_ex.o
                0x00000000080024b0                HAL_RCCEx_GetPeriphCLKFreq
 .text.HAL_RTC_Init
                0x0000000008002628      0x12c Drivers/STM32F1xx_HAL_Driver/Src/stm32f1xx_hal_rtc.o
                0x0000000008002628                HAL_RTC_Init
 .text.HAL_RTC_WaitForSynchro
                0x0000000008002754       0x5a Drivers/STM32F1xx_HAL_Driver/Src/stm32f1xx_hal_rtc.o
                0x0000000008002754                HAL_RTC_WaitForSynchro
 .text.RTC_EnterInitMode
                0x00000000080027ae       0x50 Drivers/STM32F1xx_HAL_Driver/Src/stm32f1xx_hal_rtc.o
 .text.RTC_ExitInitMode
                0x00000000080027fe       0x50 Drivers/STM32F1xx_HAL_Driver/Src/stm32f1xx_hal_rtc.o
 .text.HAL_SPI_Init
                0x000000000800284e       0xc2 Drivers/STM32F1xx_HAL_Driver/Src/stm32f1xx_hal_spi.o
                0x000000000800284e                HAL_SPI_Init
 .text.HAL_SPI_Transmit
                0x0000000008002910      0x268 Drivers/STM32F1xx_HAL_Driver/Src/stm32f1xx_hal_spi.o
                0x0000000008002910                HAL_SPI_Transmit
 .text.HAL_SPI_TransmitReceive
                0x0000000008002b78      0x344 Drivers/STM32F1xx_HAL_Driver/Src/stm32f1xx_hal_spi.o
                0x0000000008002b78                HAL_SPI_TransmitReceive
 .text.HAL_SPI_GetState
                0x0000000008002ebc       0x1a Drivers/STM32F1xx_HAL_Driver/Src/stm32f1xx_hal_spi.o
                0x0000000008002ebc                HAL_SPI_GetState
 .text.SPI_WaitFlagStateUntilTimeout
                0x0000000008002ed6       0xd4 Drivers/STM32F1xx_HAL_Driver/Src/stm32f1xx_hal_spi.o
 .text.SPI_EndRxTxTransaction
                0x0000000008002faa       0x3c Drivers/STM32F1xx_HAL_Driver/Src/stm32f1xx_hal_spi.o
 .text.HAL_TIM_Base_Init
                0x0000000008002fe6       0x56 Drivers/STM32F1xx_HAL_Driver/Src/stm32f1xx_hal_tim.o
                0x0000000008002fe6                HAL_TIM_Base_Init
 .text.HAL_TIM_Base_Start_IT
                0x000000000800303c       0x46 Drivers/STM32F1xx_HAL_Driver/Src/stm32f1xx_hal_tim.o
                0x000000000800303c                HAL_TIM_Base_Start_IT
 .text.HAL_TIM_Base_Stop_IT
                0x0000000008003082       0x54 Drivers/STM32F1xx_HAL_Driver/Src/stm32f1xx_hal_tim.o
                0x0000000008003082                HAL_TIM_Base_Stop_IT
 .text.HAL_TIM_IRQHandler
                0x00000000080030d6      0x210 Drivers/STM32F1xx_HAL_Driver/Src/stm32f1xx_hal_tim.o
                0x00000000080030d6                HAL_TIM_IRQHandler
 .text.HAL_TIM_ConfigClockSource
                0x00000000080032e6      0x16e Drivers/STM32F1xx_HAL_Driver/Src/stm32f1xx_hal_tim.o
                0x00000000080032e6                HAL_TIM_ConfigClockSource
 .text.HAL_TIM_PeriodElapsedCallback
                0x0000000008003454       0x12 Drivers/STM32F1xx_HAL_Driver/Src/stm32f1xx_hal_tim.o
                0x0000000008003454                HAL_TIM_PeriodElapsedCallback
 .text.HAL_TIM_OC_DelayElapsedCallback
                0x0000000008003466       0x12 Drivers/STM32F1xx_HAL_Driver/Src/stm32f1xx_hal_tim.o
                0x0000000008003466                HAL_TIM_OC_DelayElapsedCallback
 .text.HAL_TIM_IC_CaptureCallback
                0x0000000008003478       0x12 Drivers/STM32F1xx_HAL_Driver/Src/stm32f1xx_hal_tim.o
                0x0000000008003478                HAL_TIM_IC_CaptureCallback
 .text.HAL_TIM_PWM_PulseFinishedCallback
                0x000000000800348a       0x12 Drivers/STM32F1xx_HAL_Driver/Src/stm32f1xx_hal_tim.o
                0x000000000800348a                HAL_TIM_PWM_PulseFinishedCallback
 .text.HAL_TIM_TriggerCallback
                0x000000000800349c       0x12 Drivers/STM32F1xx_HAL_Driver/Src/stm32f1xx_hal_tim.o
                0x000000000800349c                HAL_TIM_TriggerCallback
 *fill*         0x00000000080034ae        0x2 
 .text.TIM_Base_SetConfig
                0x00000000080034b0       0xc4 Drivers/STM32F1xx_HAL_Driver/Src/stm32f1xx_hal_tim.o
                0x00000000080034b0                TIM_Base_SetConfig
 .text.TIM_TI1_ConfigInputStage
                0x0000000008003574       0x5c Drivers/STM32F1xx_HAL_Driver/Src/stm32f1xx_hal_tim.o
 .text.TIM_TI2_ConfigInputStage
                0x00000000080035d0       0x5e Drivers/STM32F1xx_HAL_Driver/Src/stm32f1xx_hal_tim.o
 .text.TIM_ITRx_SetConfig
                0x000000000800362e       0x34 Drivers/STM32F1xx_HAL_Driver/Src/stm32f1xx_hal_tim.o
 .text.TIM_ETR_SetConfig
                0x0000000008003662       0x3e Drivers/STM32F1xx_HAL_Driver/Src/stm32f1xx_hal_tim.o
                0x0000000008003662                TIM_ETR_SetConfig
 .text.HAL_TIMEx_MasterConfigSynchronization
                0x00000000080036a0       0x88 Drivers/STM32F1xx_HAL_Driver/Src/stm32f1xx_hal_tim_ex.o
                0x00000000080036a0                HAL_TIMEx_MasterConfigSynchronization
 .text.HAL_TIMEx_CommutCallback
                0x0000000008003728       0x12 Drivers/STM32F1xx_HAL_Driver/Src/stm32f1xx_hal_tim_ex.o
                0x0000000008003728                HAL_TIMEx_CommutCallback
 .text.HAL_TIMEx_BreakCallback
                0x000000000800373a       0x12 Drivers/STM32F1xx_HAL_Driver/Src/stm32f1xx_hal_tim_ex.o
                0x000000000800373a                HAL_TIMEx_BreakCallback
 .text.MX_FATFS_Init
                0x000000000800374c       0x24 FATFS/App/fatfs.o
                0x000000000800374c                MX_FATFS_Init
 .text.get_fattime
                0x0000000008003770        0xe FATFS/App/fatfs.o
                0x0000000008003770                get_fattime
 .text.USER_initialize
                0x000000000800377e       0x1c FATFS/Target/user_diskio.o
                0x000000000800377e                USER_initialize
 .text.USER_status
                0x000000000800379a       0x1c FATFS/Target/user_diskio.o
                0x000000000800379a                USER_status
 .text.USER_read
                0x00000000080037b6       0x26 FATFS/Target/user_diskio.o
                0x00000000080037b6                USER_read
 .text.USER_write
                0x00000000080037dc       0x26 FATFS/Target/user_diskio.o
                0x00000000080037dc                USER_write
 .text.USER_ioctl
                0x0000000008003802       0x26 FATFS/Target/user_diskio.o
                0x0000000008003802                USER_ioctl
 .text.disk_status
                0x0000000008003828       0x34 Middlewares/Third_Party/FatFs/src/diskio.o
                0x0000000008003828                disk_status
 .text.disk_initialize
                0x000000000800385c       0x4c Middlewares/Third_Party/FatFs/src/diskio.o
                0x000000000800385c                disk_initialize
 .text.disk_read
                0x00000000080038a8       0x40 Middlewares/Third_Party/FatFs/src/diskio.o
                0x00000000080038a8                disk_read
 .text.disk_write
                0x00000000080038e8       0x40 Middlewares/Third_Party/FatFs/src/diskio.o
                0x00000000080038e8                disk_write
 .text.disk_ioctl
                0x0000000008003928       0x3c Middlewares/Third_Party/FatFs/src/diskio.o
                0x0000000008003928                disk_ioctl
 .text.mem_cpy  0x0000000008003964       0x3a Middlewares/Third_Party/FatFs/src/ff.o
 .text.mem_set  0x000000000800399e       0x32 Middlewares/Third_Party/FatFs/src/ff.o
 .text.mem_cmp  0x00000000080039d0       0x4c Middlewares/Third_Party/FatFs/src/ff.o
 .text.chk_chr  0x0000000008003a1c       0x34 Middlewares/Third_Party/FatFs/src/ff.o
 .text.chk_lock
                0x0000000008003a50       0xe4 Middlewares/Third_Party/FatFs/src/ff.o
 .text.enq_lock
                0x0000000008003b34       0x48 Middlewares/Third_Party/FatFs/src/ff.o
 .text.inc_lock
                0x0000000008003b7c      0x180 Middlewares/Third_Party/FatFs/src/ff.o
 .text.dec_lock
                0x0000000008003cfc       0x88 Middlewares/Third_Party/FatFs/src/ff.o
 .text.clear_lock
                0x0000000008003d84       0x50 Middlewares/Third_Party/FatFs/src/ff.o
 .text.sync_window
                0x0000000008003dd4       0xb4 Middlewares/Third_Party/FatFs/src/ff.o
 .text.move_window
                0x0000000008003e88       0x68 Middlewares/Third_Party/FatFs/src/ff.o
 .text.sync_fs  0x0000000008003ef0      0x19e Middlewares/Third_Party/FatFs/src/ff.o
 .text.clust2sect
                0x000000000800408e       0x4e Middlewares/Third_Party/FatFs/src/ff.o
                0x000000000800408e                clust2sect
 .text.get_fat  0x00000000080040dc      0x204 Middlewares/Third_Party/FatFs/src/ff.o
                0x00000000080040dc                get_fat
 .text.put_fat  0x00000000080042e0      0x2ba Middlewares/Third_Party/FatFs/src/ff.o
                0x00000000080042e0                put_fat
 .text.remove_chain
                0x000000000800459a       0xd0 Middlewares/Third_Party/FatFs/src/ff.o
 .text.create_chain
                0x000000000800466a      0x162 Middlewares/Third_Party/FatFs/src/ff.o
 .text.clmt_clust
                0x00000000080047cc       0x86 Middlewares/Third_Party/FatFs/src/ff.o
 .text.dir_sdi  0x0000000008004852      0x1b6 Middlewares/Third_Party/FatFs/src/ff.o
 .text.dir_next
                0x0000000008004a08      0x2c4 Middlewares/Third_Party/FatFs/src/ff.o
 .text.dir_alloc
                0x0000000008004ccc       0xa2 Middlewares/Third_Party/FatFs/src/ff.o
 .text.ld_clust
                0x0000000008004d6e       0x5c Middlewares/Third_Party/FatFs/src/ff.o
 .text.st_clust
                0x0000000008004dca       0x4c Middlewares/Third_Party/FatFs/src/ff.o
 *fill*         0x0000000008004e16        0x2 
 .text.cmp_lfn  0x0000000008004e18       0xdc Middlewares/Third_Party/FatFs/src/ff.o
 .text.fit_lfn  0x0000000008004ef4       0xe8 Middlewares/Third_Party/FatFs/src/ff.o
 .text.gen_numname
                0x0000000008004fdc      0x11e Middlewares/Third_Party/FatFs/src/ff.o
 .text.sum_sfn  0x00000000080050fa       0x40 Middlewares/Third_Party/FatFs/src/ff.o
 .text.dir_find
                0x000000000800513a      0x1aa Middlewares/Third_Party/FatFs/src/ff.o
 .text.dir_register
                0x00000000080052e4      0x260 Middlewares/Third_Party/FatFs/src/ff.o
 .text.create_name
                0x0000000008005544      0x384 Middlewares/Third_Party/FatFs/src/ff.o
 .text.follow_path
                0x00000000080058c8       0xf2 Middlewares/Third_Party/FatFs/src/ff.o
 .text.get_ldnumber
                0x00000000080059ba       0x86 Middlewares/Third_Party/FatFs/src/ff.o
 .text.check_fs
                0x0000000008005a40       0xdc Middlewares/Third_Party/FatFs/src/ff.o
 .text.find_volume
                0x0000000008005b1c      0x6b8 Middlewares/Third_Party/FatFs/src/ff.o
 .text.validate
                0x00000000080061d4       0x7c Middlewares/Third_Party/FatFs/src/ff.o
 .text.f_mount  0x0000000008006250       0x94 Middlewares/Third_Party/FatFs/src/ff.o
                0x0000000008006250                f_mount
 .text.f_open   0x00000000080062e4      0x674 Middlewares/Third_Party/FatFs/src/ff.o
                0x00000000080062e4                f_open
 .text.f_read   0x0000000008006958      0x42c Middlewares/Third_Party/FatFs/src/ff.o
                0x0000000008006958                f_read
 .text.f_sync   0x0000000008006d84      0x1bc Middlewares/Third_Party/FatFs/src/ff.o
                0x0000000008006d84                f_sync
 .text.f_close  0x0000000008006f40       0x56 Middlewares/Third_Party/FatFs/src/ff.o
                0x0000000008006f40                f_close
 *fill*         0x0000000008006f96        0x2 
 .text.FATFS_LinkDriverEx
                0x0000000008006f98       0x94 Middlewares/Third_Party/FatFs/src/ff_gen_drv.o
                0x0000000008006f98                FATFS_LinkDriverEx
 .text.FATFS_LinkDriver
                0x000000000800702c       0x1e Middlewares/Third_Party/FatFs/src/ff_gen_drv.o
                0x000000000800702c                FATFS_LinkDriver
 *fill*         0x000000000800704a        0x2 
 .text.ff_convert
                0x000000000800704c       0x74 Middlewares/Third_Party/FatFs/src/option/ccsbcs.o
                0x000000000800704c                ff_convert
 .text.ff_wtoupper
                0x00000000080070c0       0x5c Middlewares/Third_Party/FatFs/src/option/ccsbcs.o
                0x00000000080070c0                ff_wtoupper
 .text.__libc_init_array
                0x000000000800711c       0x48 /opt/stm32cubeide/plugins/com.st.stm32cube.ide.mcu.externaltools.gnu-tools-for-stm32.7-2018-q2-update.linux64_1.0.0.201904181610/tools/bin/../lib/gcc/arm-none-eabi/7.3.1/../../../../arm-none-eabi/lib/thumb/v7-m/libc_nano.a(lib_a-init.o)
                0x000000000800711c                __libc_init_array
 .text.memset   0x0000000008007164       0x10 /opt/stm32cubeide/plugins/com.st.stm32cube.ide.mcu.externaltools.gnu-tools-for-stm32.7-2018-q2-update.linux64_1.0.0.201904181610/tools/bin/../lib/gcc/arm-none-eabi/7.3.1/../../../../arm-none-eabi/lib/thumb/v7-m/libc_nano.a(lib_a-memset.o)
                0x0000000008007164                memset
 *(.glue_7)
 .glue_7        0x0000000008007174        0x0 linker stubs
 *(.glue_7t)
 .glue_7t       0x0000000008007174        0x0 linker stubs
 *(.eh_frame)
 .eh_frame      0x0000000008007174        0x0 /opt/stm32cubeide/plugins/com.st.stm32cube.ide.mcu.externaltools.gnu-tools-for-stm32.7-2018-q2-update.linux64_1.0.0.201904181610/tools/bin/../lib/gcc/arm-none-eabi/7.3.1/thumb/v7-m/crtbegin.o
 *(.init)
 .init          0x0000000008007174        0x4 /opt/stm32cubeide/plugins/com.st.stm32cube.ide.mcu.externaltools.gnu-tools-for-stm32.7-2018-q2-update.linux64_1.0.0.201904181610/tools/bin/../lib/gcc/arm-none-eabi/7.3.1/thumb/v7-m/crti.o
                0x0000000008007174                _init
 .init          0x0000000008007178        0x8 /opt/stm32cubeide/plugins/com.st.stm32cube.ide.mcu.externaltools.gnu-tools-for-stm32.7-2018-q2-update.linux64_1.0.0.201904181610/tools/bin/../lib/gcc/arm-none-eabi/7.3.1/thumb/v7-m/crtn.o
 *(.fini)
 .fini          0x0000000008007180        0x4 /opt/stm32cubeide/plugins/com.st.stm32cube.ide.mcu.externaltools.gnu-tools-for-stm32.7-2018-q2-update.linux64_1.0.0.201904181610/tools/bin/../lib/gcc/arm-none-eabi/7.3.1/thumb/v7-m/crti.o
                0x0000000008007180                _fini
 .fini          0x0000000008007184        0x8 /opt/stm32cubeide/plugins/com.st.stm32cube.ide.mcu.externaltools.gnu-tools-for-stm32.7-2018-q2-update.linux64_1.0.0.201904181610/tools/bin/../lib/gcc/arm-none-eabi/7.3.1/thumb/v7-m/crtn.o
                0x000000000800718c                . = ALIGN (0x4)
                0x000000000800718c                _etext = .

.vfp11_veneer   0x000000000800718c        0x0
 .vfp11_veneer  0x000000000800718c        0x0 linker stubs

.v4_bx          0x000000000800718c        0x0
 .v4_bx         0x000000000800718c        0x0 linker stubs

.iplt           0x000000000800718c        0x0
 .iplt          0x000000000800718c        0x0 /opt/stm32cubeide/plugins/com.st.stm32cube.ide.mcu.externaltools.gnu-tools-for-stm32.7-2018-q2-update.linux64_1.0.0.201904181610/tools/bin/../lib/gcc/arm-none-eabi/7.3.1/thumb/v7-m/crtbegin.o

.rodata         0x000000000800718c      0x5ec
                0x000000000800718c                . = ALIGN (0x4)
 *(.rodata)
 .rodata        0x000000000800718c       0x11 Core/Src/main.o
 *fill*         0x000000000800719d        0x3 
 .rodata        0x00000000080071a0       0x12 Drivers/STM32F1xx_HAL_Driver/Src/stm32f1xx_hal_rcc.o
 *fill*         0x00000000080071b2        0x2 
 .rodata        0x00000000080071b4       0x12 Drivers/STM32F1xx_HAL_Driver/Src/stm32f1xx_hal_rcc_ex.o
 *fill*         0x00000000080071c6        0x2 
 .rodata        0x00000000080071c8       0x48 Middlewares/Third_Party/FatFs/src/ff.o
 *(.rodata*)
 .rodata.AHBPrescTable
                0x0000000008007210       0x10 Core/Src/system_stm32f1xx.o
                0x0000000008007210                AHBPrescTable
 .rodata.APBPrescTable
                0x0000000008007220        0x8 Core/Src/system_stm32f1xx.o
                0x0000000008007220                APBPrescTable
 .rodata.ExCvt  0x0000000008007228       0x80 Middlewares/Third_Party/FatFs/src/ff.o
 .rodata.LfnOfs
                0x00000000080072a8        0xd Middlewares/Third_Party/FatFs/src/ff.o
 *fill*         0x00000000080072b5        0x3 
 .rodata.Tbl    0x00000000080072b8      0x100 Middlewares/Third_Party/FatFs/src/option/ccsbcs.o
 .rodata.tbl_lower.6352
                0x00000000080073b8      0x1e0 Middlewares/Third_Party/FatFs/src/option/ccsbcs.o
 .rodata.tbl_upper.6353
                0x0000000008007598      0x1e0 Middlewares/Third_Party/FatFs/src/option/ccsbcs.o
                0x0000000008007778                . = ALIGN (0x4)

.rel.dyn        0x0000000008007778        0x0
 .rel.iplt      0x0000000008007778        0x0 /opt/stm32cubeide/plugins/com.st.stm32cube.ide.mcu.externaltools.gnu-tools-for-stm32.7-2018-q2-update.linux64_1.0.0.201904181610/tools/bin/../lib/gcc/arm-none-eabi/7.3.1/thumb/v7-m/crtbegin.o

.ARM.extab      0x0000000008007778        0x0
                0x0000000008007778                . = ALIGN (0x4)
 *(.ARM.extab* .gnu.linkonce.armextab.*)
                0x0000000008007778                . = ALIGN (0x4)

.ARM            0x0000000008007778        0x0
                0x0000000008007778                . = ALIGN (0x4)
                0x0000000008007778                __exidx_start = .
 *(.ARM.exidx*)
                0x0000000008007778                __exidx_end = .
                0x0000000008007778                . = ALIGN (0x4)

.preinit_array  0x0000000008007778        0x0
                0x0000000008007778                . = ALIGN (0x4)
                0x0000000008007778                PROVIDE (__preinit_array_start = .)
 *(.preinit_array*)
                0x0000000008007778                PROVIDE (__preinit_array_end = .)
                0x0000000008007778                . = ALIGN (0x4)

.init_array     0x0000000008007778        0x4
                0x0000000008007778                . = ALIGN (0x4)
                0x0000000008007778                PROVIDE (__init_array_start = .)
 *(SORT_BY_NAME(.init_array.*))
 *(.init_array*)
 .init_array    0x0000000008007778        0x4 /opt/stm32cubeide/plugins/com.st.stm32cube.ide.mcu.externaltools.gnu-tools-for-stm32.7-2018-q2-update.linux64_1.0.0.201904181610/tools/bin/../lib/gcc/arm-none-eabi/7.3.1/thumb/v7-m/crtbegin.o
                0x000000000800777c                PROVIDE (__init_array_end = .)
                0x000000000800777c                . = ALIGN (0x4)

.fini_array     0x000000000800777c        0x4
                0x000000000800777c                . = ALIGN (0x4)
                [!provide]                        PROVIDE (__fini_array_start = .)
 *(SORT_BY_NAME(.fini_array.*))
 *(.fini_array*)
 .fini_array    0x000000000800777c        0x4 /opt/stm32cubeide/plugins/com.st.stm32cube.ide.mcu.externaltools.gnu-tools-for-stm32.7-2018-q2-update.linux64_1.0.0.201904181610/tools/bin/../lib/gcc/arm-none-eabi/7.3.1/thumb/v7-m/crtbegin.o
                [!provide]                        PROVIDE (__fini_array_end = .)
                0x0000000008007780                . = ALIGN (0x4)
                0x0000000008007780                _sidata = LOADADDR (.data)

.data           0x0000000020000000       0x24 load address 0x0000000008007780
                0x0000000020000000                . = ALIGN (0x4)
                0x0000000020000000                _sdata = .
 *(.data)
 *(.data*)
 .data.Stat     0x0000000020000000        0x1 Core/Src/fatfs_sd.o
 *fill*         0x0000000020000001        0x3 
 .data.SystemCoreClock
                0x0000000020000004        0x4 Core/Src/system_stm32f1xx.o
                0x0000000020000004                SystemCoreClock
 .data.uwTickPrio
                0x0000000020000008        0x4 Drivers/STM32F1xx_HAL_Driver/Src/stm32f1xx_hal.o
                0x0000000020000008                uwTickPrio
 .data.uwTickFreq
                0x000000002000000c        0x1 Drivers/STM32F1xx_HAL_Driver/Src/stm32f1xx_hal.o
                0x000000002000000c                uwTickFreq
 *fill*         0x000000002000000d        0x3 
 .data.USER_Driver
                0x0000000020000010       0x14 FATFS/Target/user_diskio.o
                0x0000000020000010                USER_Driver
                0x0000000020000024                . = ALIGN (0x4)
                0x0000000020000024                _edata = .

.igot.plt       0x0000000020000024        0x0 load address 0x00000000080077a4
 .igot.plt      0x0000000020000024        0x0 /opt/stm32cubeide/plugins/com.st.stm32cube.ide.mcu.externaltools.gnu-tools-for-stm32.7-2018-q2-update.linux64_1.0.0.201904181610/tools/bin/../lib/gcc/arm-none-eabi/7.3.1/thumb/v7-m/crtbegin.o
                0x0000000020000024                . = ALIGN (0x4)

.bss            0x0000000020000024     0x2bc4 load address 0x00000000080077a4
                0x0000000020000024                _sbss = .
                0x0000000020000024                __bss_start__ = _sbss
 *(.bss)
 .bss           0x0000000020000024       0x1c /opt/stm32cubeide/plugins/com.st.stm32cube.ide.mcu.externaltools.gnu-tools-for-stm32.7-2018-q2-update.linux64_1.0.0.201904181610/tools/bin/../lib/gcc/arm-none-eabi/7.3.1/thumb/v7-m/crtbegin.o
 *(.bss*)
 .bss.CardType  0x0000000020000040        0x1 Core/Src/fatfs_sd.o
 .bss.PowerFlag
                0x0000000020000041        0x1 Core/Src/fatfs_sd.o
 .bss.FatFsCnt  0x0000000020000042        0x1 Core/Src/stm32f1xx_it.o
                0x0000000020000042                FatFsCnt
 *fill*         0x0000000020000043        0x1 
 .bss.FatFs     0x0000000020000044        0x4 Middlewares/Third_Party/FatFs/src/ff.o
 .bss.Fsid      0x0000000020000048        0x2 Middlewares/Third_Party/FatFs/src/ff.o
 *fill*         0x000000002000004a        0x2 
 .bss.Files     0x000000002000004c       0x18 Middlewares/Third_Party/FatFs/src/ff.o
 .bss.LfnBuf    0x0000000020000064      0x200 Middlewares/Third_Party/FatFs/src/ff.o
 .bss.disk      0x0000000020000264        0xc Middlewares/Third_Party/FatFs/src/ff_gen_drv.o
                0x0000000020000264                disk
 *(COMMON)
 COMMON         0x0000000020000270      0x90c Core/Src/main.o
                0x0000000020000270                audioFlag
                0x0000000020000274                hspi2
                0x00000000200002cc                htim4
                0x000000002000030c                audioDataInd
                0x0000000020000310                hrtc
                0x0000000020000324                hspi1
                0x000000002000037c                audioBuffer
 COMMON         0x0000000020000b7c        0x2 Core/Src/stm32f1xx_it.o
                0x0000000020000b7c                Timer2
                0x0000000020000b7d                Timer1
 *fill*         0x0000000020000b7e        0x2 
 COMMON         0x0000000020000b80        0x4 Drivers/STM32F1xx_HAL_Driver/Src/stm32f1xx_hal.o
                0x0000000020000b80                uwTick
 COMMON         0x0000000020000b84     0x2064 FATFS/App/fatfs.o
                0x0000000020000b84                USERPath
                0x0000000020000b88                retUSER
                0x0000000020000b8c                USERFile
                0x0000000020001bb8                USERFatFS
                0x0000000020002be8                . = ALIGN (0x4)
                0x0000000020002be8                _ebss = .
                0x0000000020002be8                __bss_end__ = _ebss

._user_heap_stack
                0x0000000020002be8      0x600 load address 0x00000000080077a4
                0x0000000020002be8                . = ALIGN (0x8)
                0x0000000020002be8                PROVIDE (end = .)
                [!provide]                        PROVIDE (_end = .)
                0x0000000020002de8                . = (. + _Min_Heap_Size)
 *fill*         0x0000000020002be8      0x200 
                0x00000000200031e8                . = (. + _Min_Stack_Size)
 *fill*         0x0000000020002de8      0x400 
                0x00000000200031e8                . = ALIGN (0x8)

/DISCARD/
 libc.a(*)
 libm.a(*)
 libgcc.a(*)

.ARM.attributes
                0x0000000000000000       0x29
 *(.ARM.attributes)
 .ARM.attributes
                0x0000000000000000       0x1d /opt/stm32cubeide/plugins/com.st.stm32cube.ide.mcu.externaltools.gnu-tools-for-stm32.7-2018-q2-update.linux64_1.0.0.201904181610/tools/bin/../lib/gcc/arm-none-eabi/7.3.1/thumb/v7-m/crti.o
 .ARM.attributes
                0x000000000000001d       0x2d /opt/stm32cubeide/plugins/com.st.stm32cube.ide.mcu.externaltools.gnu-tools-for-stm32.7-2018-q2-update.linux64_1.0.0.201904181610/tools/bin/../lib/gcc/arm-none-eabi/7.3.1/thumb/v7-m/crtbegin.o
 .ARM.attributes
                0x000000000000004a       0x33 Core/Src/fatfs_sd.o
 .ARM.attributes
                0x000000000000007d       0x33 Core/Src/main.o
 .ARM.attributes
                0x00000000000000b0       0x33 Core/Src/stm32f1xx_hal_msp.o
 .ARM.attributes
                0x00000000000000e3       0x33 Core/Src/stm32f1xx_it.o
 .ARM.attributes
                0x0000000000000116       0x33 Core/Src/system_stm32f1xx.o
 .ARM.attributes
                0x0000000000000149       0x33 Core/Src/wave.o
 .ARM.attributes
                0x000000000000017c       0x21 Core/Startup/startup_stm32f103c8tx.o
 .ARM.attributes
                0x000000000000019d       0x33 Drivers/STM32F1xx_HAL_Driver/Src/stm32f1xx_hal.o
 .ARM.attributes
                0x00000000000001d0       0x33 Drivers/STM32F1xx_HAL_Driver/Src/stm32f1xx_hal_cortex.o
 .ARM.attributes
                0x0000000000000203       0x33 Drivers/STM32F1xx_HAL_Driver/Src/stm32f1xx_hal_gpio.o
 .ARM.attributes
                0x0000000000000236       0x33 Drivers/STM32F1xx_HAL_Driver/Src/stm32f1xx_hal_pwr.o
 .ARM.attributes
                0x0000000000000269       0x33 Drivers/STM32F1xx_HAL_Driver/Src/stm32f1xx_hal_rcc.o
 .ARM.attributes
                0x000000000000029c       0x33 Drivers/STM32F1xx_HAL_Driver/Src/stm32f1xx_hal_rcc_ex.o
 .ARM.attributes
                0x00000000000002cf       0x33 Drivers/STM32F1xx_HAL_Driver/Src/stm32f1xx_hal_rtc.o
 .ARM.attributes
                0x0000000000000302       0x33 Drivers/STM32F1xx_HAL_Driver/Src/stm32f1xx_hal_spi.o
 .ARM.attributes
                0x0000000000000335       0x33 Drivers/STM32F1xx_HAL_Driver/Src/stm32f1xx_hal_tim.o
 .ARM.attributes
                0x0000000000000368       0x33 Drivers/STM32F1xx_HAL_Driver/Src/stm32f1xx_hal_tim_ex.o
 .ARM.attributes
                0x000000000000039b       0x33 FATFS/App/fatfs.o
 .ARM.attributes
                0x00000000000003ce       0x33 FATFS/Target/user_diskio.o
 .ARM.attributes
                0x0000000000000401       0x33 Middlewares/Third_Party/FatFs/src/diskio.o
 .ARM.attributes
                0x0000000000000434       0x33 Middlewares/Third_Party/FatFs/src/ff.o
 .ARM.attributes
                0x0000000000000467       0x33 Middlewares/Third_Party/FatFs/src/ff_gen_drv.o
 .ARM.attributes
                0x000000000000049a       0x33 Middlewares/Third_Party/FatFs/src/option/ccsbcs.o
 .ARM.attributes
                0x00000000000004cd       0x2d /opt/stm32cubeide/plugins/com.st.stm32cube.ide.mcu.externaltools.gnu-tools-for-stm32.7-2018-q2-update.linux64_1.0.0.201904181610/tools/bin/../lib/gcc/arm-none-eabi/7.3.1/../../../../arm-none-eabi/lib/thumb/v7-m/libc_nano.a(lib_a-init.o)
 .ARM.attributes
                0x00000000000004fa       0x2d /opt/stm32cubeide/plugins/com.st.stm32cube.ide.mcu.externaltools.gnu-tools-for-stm32.7-2018-q2-update.linux64_1.0.0.201904181610/tools/bin/../lib/gcc/arm-none-eabi/7.3.1/../../../../arm-none-eabi/lib/thumb/v7-m/libc_nano.a(lib_a-memset.o)
 .ARM.attributes
                0x0000000000000527       0x1d /opt/stm32cubeide/plugins/com.st.stm32cube.ide.mcu.externaltools.gnu-tools-for-stm32.7-2018-q2-update.linux64_1.0.0.201904181610/tools/bin/../lib/gcc/arm-none-eabi/7.3.1/thumb/v7-m/crtn.o
OUTPUT(wavTest.elf elf32-littlearm)

.debug_info     0x0000000000000000    0x10cf0
 .debug_info    0x0000000000000000      0xb82 Core/Src/fatfs_sd.o
 .debug_info    0x0000000000000b82     0x14d9 Core/Src/main.o
 .debug_info    0x000000000000205b      0xefa Core/Src/stm32f1xx_hal_msp.o
 .debug_info    0x0000000000002f55      0x9b9 Core/Src/stm32f1xx_it.o
 .debug_info    0x000000000000390e      0x433 Core/Src/system_stm32f1xx.o
 .debug_info    0x0000000000003d41     0x11ff Core/Src/wave.o
 .debug_info    0x0000000000004f40       0x22 Core/Startup/startup_stm32f103c8tx.o
 .debug_info    0x0000000000004f62      0x6fe Drivers/STM32F1xx_HAL_Driver/Src/stm32f1xx_hal.o
 .debug_info    0x0000000000005660      0xb46 Drivers/STM32F1xx_HAL_Driver/Src/stm32f1xx_hal_cortex.o
 .debug_info    0x00000000000061a6      0x681 Drivers/STM32F1xx_HAL_Driver/Src/stm32f1xx_hal_gpio.o
 .debug_info    0x0000000000006827      0x6d7 Drivers/STM32F1xx_HAL_Driver/Src/stm32f1xx_hal_pwr.o
 .debug_info    0x0000000000006efe      0x804 Drivers/STM32F1xx_HAL_Driver/Src/stm32f1xx_hal_rcc.o
 .debug_info    0x0000000000007702      0x439 Drivers/STM32F1xx_HAL_Driver/Src/stm32f1xx_hal_rcc_ex.o
 .debug_info    0x0000000000007b3b      0xd24 Drivers/STM32F1xx_HAL_Driver/Src/stm32f1xx_hal_rtc.o
 .debug_info    0x000000000000885f     0x153a Drivers/STM32F1xx_HAL_Driver/Src/stm32f1xx_hal_spi.o
 .debug_info    0x0000000000009d99     0x2456 Drivers/STM32F1xx_HAL_Driver/Src/stm32f1xx_hal_tim.o
 .debug_info    0x000000000000c1ef     0x1104 Drivers/STM32F1xx_HAL_Driver/Src/stm32f1xx_hal_tim_ex.o
 .debug_info    0x000000000000d2f3      0x594 FATFS/App/fatfs.o
 .debug_info    0x000000000000d887      0x405 FATFS/Target/user_diskio.o
 .debug_info    0x000000000000dc8c      0x4b3 Middlewares/Third_Party/FatFs/src/diskio.o
 .debug_info    0x000000000000e13f     0x2505 Middlewares/Third_Party/FatFs/src/ff.o
 .debug_info    0x0000000000010644      0x451 Middlewares/Third_Party/FatFs/src/ff_gen_drv.o
 .debug_info    0x0000000000010a95      0x25b Middlewares/Third_Party/FatFs/src/option/ccsbcs.o

.debug_abbrev   0x0000000000000000     0x29db
 .debug_abbrev  0x0000000000000000      0x262 Core/Src/fatfs_sd.o
 .debug_abbrev  0x0000000000000262      0x2a1 Core/Src/main.o
 .debug_abbrev  0x0000000000000503      0x1f8 Core/Src/stm32f1xx_hal_msp.o
 .debug_abbrev  0x00000000000006fb      0x183 Core/Src/stm32f1xx_it.o
 .debug_abbrev  0x000000000000087e      0x134 Core/Src/system_stm32f1xx.o
 .debug_abbrev  0x00000000000009b2      0x218 Core/Src/wave.o
 .debug_abbrev  0x0000000000000bca       0x12 Core/Startup/startup_stm32f103c8tx.o
 .debug_abbrev  0x0000000000000bdc      0x1d8 Drivers/STM32F1xx_HAL_Driver/Src/stm32f1xx_hal.o
 .debug_abbrev  0x0000000000000db4      0x2d5 Drivers/STM32F1xx_HAL_Driver/Src/stm32f1xx_hal_cortex.o
 .debug_abbrev  0x0000000000001089      0x1c0 Drivers/STM32F1xx_HAL_Driver/Src/stm32f1xx_hal_gpio.o
 .debug_abbrev  0x0000000000001249      0x1f2 Drivers/STM32F1xx_HAL_Driver/Src/stm32f1xx_hal_pwr.o
 .debug_abbrev  0x000000000000143b      0x243 Drivers/STM32F1xx_HAL_Driver/Src/stm32f1xx_hal_rcc.o
 .debug_abbrev  0x000000000000167e      0x175 Drivers/STM32F1xx_HAL_Driver/Src/stm32f1xx_hal_rcc_ex.o
 .debug_abbrev  0x00000000000017f3      0x20a Drivers/STM32F1xx_HAL_Driver/Src/stm32f1xx_hal_rtc.o
 .debug_abbrev  0x00000000000019fd      0x240 Drivers/STM32F1xx_HAL_Driver/Src/stm32f1xx_hal_spi.o
 .debug_abbrev  0x0000000000001c3d      0x230 Drivers/STM32F1xx_HAL_Driver/Src/stm32f1xx_hal_tim.o
 .debug_abbrev  0x0000000000001e6d      0x21e Drivers/STM32F1xx_HAL_Driver/Src/stm32f1xx_hal_tim_ex.o
 .debug_abbrev  0x000000000000208b      0x17d FATFS/App/fatfs.o
 .debug_abbrev  0x0000000000002208      0x148 FATFS/Target/user_diskio.o
 .debug_abbrev  0x0000000000002350      0x16f Middlewares/Third_Party/FatFs/src/diskio.o
 .debug_abbrev  0x00000000000024bf      0x278 Middlewares/Third_Party/FatFs/src/ff.o
 .debug_abbrev  0x0000000000002737      0x19c Middlewares/Third_Party/FatFs/src/ff_gen_drv.o
 .debug_abbrev  0x00000000000028d3      0x108 Middlewares/Third_Party/FatFs/src/option/ccsbcs.o

.debug_aranges  0x0000000000000000     0x10b8
 .debug_aranges
                0x0000000000000000       0xa0 Core/Src/fatfs_sd.o
 .debug_aranges
                0x00000000000000a0       0x58 Core/Src/main.o
 .debug_aranges
                0x00000000000000f8       0x50 Core/Src/stm32f1xx_hal_msp.o
 .debug_aranges
                0x0000000000000148       0x70 Core/Src/stm32f1xx_it.o
 .debug_aranges
                0x00000000000001b8       0x28 Core/Src/system_stm32f1xx.o
 .debug_aranges
                0x00000000000001e0       0x28 Core/Src/wave.o
 .debug_aranges
                0x0000000000000208       0x28 Core/Startup/startup_stm32f103c8tx.o
 .debug_aranges
                0x0000000000000230       0xe0 Drivers/STM32F1xx_HAL_Driver/Src/stm32f1xx_hal.o
 .debug_aranges
                0x0000000000000310      0x100 Drivers/STM32F1xx_HAL_Driver/Src/stm32f1xx_hal_cortex.o
 .debug_aranges
                0x0000000000000410       0x58 Drivers/STM32F1xx_HAL_Driver/Src/stm32f1xx_hal_gpio.o
 .debug_aranges
                0x0000000000000468       0xa8 Drivers/STM32F1xx_HAL_Driver/Src/stm32f1xx_hal_pwr.o
 .debug_aranges
                0x0000000000000510       0x90 Drivers/STM32F1xx_HAL_Driver/Src/stm32f1xx_hal_rcc.o
 .debug_aranges
                0x00000000000005a0       0x30 Drivers/STM32F1xx_HAL_Driver/Src/stm32f1xx_hal_rcc_ex.o
 .debug_aranges
                0x00000000000005d0       0xf8 Drivers/STM32F1xx_HAL_Driver/Src/stm32f1xx_hal_rtc.o
 .debug_aranges
                0x00000000000006c8      0x1d0 Drivers/STM32F1xx_HAL_Driver/Src/stm32f1xx_hal_spi.o
 .debug_aranges
                0x0000000000000898      0x3a8 Drivers/STM32F1xx_HAL_Driver/Src/stm32f1xx_hal_tim.o
 .debug_aranges
                0x0000000000000c40      0x150 Drivers/STM32F1xx_HAL_Driver/Src/stm32f1xx_hal_tim_ex.o
 .debug_aranges
                0x0000000000000d90       0x28 FATFS/App/fatfs.o
 .debug_aranges
                0x0000000000000db8       0x40 FATFS/Target/user_diskio.o
 .debug_aranges
                0x0000000000000df8       0x48 Middlewares/Third_Party/FatFs/src/diskio.o
 .debug_aranges
                0x0000000000000e40      0x210 Middlewares/Third_Party/FatFs/src/ff.o
 .debug_aranges
                0x0000000000001050       0x40 Middlewares/Third_Party/FatFs/src/ff_gen_drv.o
 .debug_aranges
                0x0000000000001090       0x28 Middlewares/Third_Party/FatFs/src/option/ccsbcs.o

.debug_ranges   0x0000000000000000      0xf50
 .debug_ranges  0x0000000000000000       0x90 Core/Src/fatfs_sd.o
 .debug_ranges  0x0000000000000090       0x48 Core/Src/main.o
 .debug_ranges  0x00000000000000d8       0x40 Core/Src/stm32f1xx_hal_msp.o
 .debug_ranges  0x0000000000000118       0x60 Core/Src/stm32f1xx_it.o
 .debug_ranges  0x0000000000000178       0x18 Core/Src/system_stm32f1xx.o
 .debug_ranges  0x0000000000000190       0x18 Core/Src/wave.o
 .debug_ranges  0x00000000000001a8       0x20 Core/Startup/startup_stm32f103c8tx.o
 .debug_ranges  0x00000000000001c8       0xd0 Drivers/STM32F1xx_HAL_Driver/Src/stm32f1xx_hal.o
 .debug_ranges  0x0000000000000298       0xf0 Drivers/STM32F1xx_HAL_Driver/Src/stm32f1xx_hal_cortex.o
 .debug_ranges  0x0000000000000388       0x48 Drivers/STM32F1xx_HAL_Driver/Src/stm32f1xx_hal_gpio.o
 .debug_ranges  0x00000000000003d0       0x98 Drivers/STM32F1xx_HAL_Driver/Src/stm32f1xx_hal_pwr.o
 .debug_ranges  0x0000000000000468       0x80 Drivers/STM32F1xx_HAL_Driver/Src/stm32f1xx_hal_rcc.o
 .debug_ranges  0x00000000000004e8       0x20 Drivers/STM32F1xx_HAL_Driver/Src/stm32f1xx_hal_rcc_ex.o
 .debug_ranges  0x0000000000000508       0xe8 Drivers/STM32F1xx_HAL_Driver/Src/stm32f1xx_hal_rtc.o
 .debug_ranges  0x00000000000005f0      0x1c0 Drivers/STM32F1xx_HAL_Driver/Src/stm32f1xx_hal_spi.o
 .debug_ranges  0x00000000000007b0      0x398 Drivers/STM32F1xx_HAL_Driver/Src/stm32f1xx_hal_tim.o
 .debug_ranges  0x0000000000000b48      0x140 Drivers/STM32F1xx_HAL_Driver/Src/stm32f1xx_hal_tim_ex.o
 .debug_ranges  0x0000000000000c88       0x18 FATFS/App/fatfs.o
 .debug_ranges  0x0000000000000ca0       0x30 FATFS/Target/user_diskio.o
 .debug_ranges  0x0000000000000cd0       0x38 Middlewares/Third_Party/FatFs/src/diskio.o
 .debug_ranges  0x0000000000000d08      0x200 Middlewares/Third_Party/FatFs/src/ff.o
 .debug_ranges  0x0000000000000f08       0x30 Middlewares/Third_Party/FatFs/src/ff_gen_drv.o
 .debug_ranges  0x0000000000000f38       0x18 Middlewares/Third_Party/FatFs/src/option/ccsbcs.o

.debug_macro    0x0000000000000000    0x15903
 .debug_macro   0x0000000000000000      0x1ed Core/Src/fatfs_sd.o
 .debug_macro   0x00000000000001ed      0xa5a Core/Src/fatfs_sd.o
 .debug_macro   0x0000000000000c47      0x221 Core/Src/fatfs_sd.o
 .debug_macro   0x0000000000000e68       0x2e Core/Src/fatfs_sd.o
 .debug_macro   0x0000000000000e96       0x22 Core/Src/fatfs_sd.o
 .debug_macro   0x0000000000000eb8       0x22 Core/Src/fatfs_sd.o
 .debug_macro   0x0000000000000eda       0x8e Core/Src/fatfs_sd.o
 .debug_macro   0x0000000000000f68       0x51 Core/Src/fatfs_sd.o
 .debug_macro   0x0000000000000fb9       0xef Core/Src/fatfs_sd.o
 .debug_macro   0x00000000000010a8       0x6a Core/Src/fatfs_sd.o
 .debug_macro   0x0000000000001112      0x1df Core/Src/fatfs_sd.o
 .debug_macro   0x00000000000012f1       0x1c Core/Src/fatfs_sd.o
 .debug_macro   0x000000000000130d       0x22 Core/Src/fatfs_sd.o
 .debug_macro   0x000000000000132f       0xc3 Core/Src/fatfs_sd.o
 .debug_macro   0x00000000000013f2      0xd23 Core/Src/fatfs_sd.o
 .debug_macro   0x0000000000002115     0xe09e Core/Src/fatfs_sd.o
 .debug_macro   0x00000000000101b3       0x43 Core/Src/fatfs_sd.o
 .debug_macro   0x00000000000101f6      0x174 Core/Src/fatfs_sd.o
 .debug_macro   0x000000000001036a       0x5a Core/Src/fatfs_sd.o
 .debug_macro   0x00000000000103c4      0x5be Core/Src/fatfs_sd.o
 .debug_macro   0x0000000000010982      0x289 Core/Src/fatfs_sd.o
 .debug_macro   0x0000000000010c0b      0x1cb Core/Src/fatfs_sd.o
 .debug_macro   0x0000000000010dd6      0x114 Core/Src/fatfs_sd.o
 .debug_macro   0x0000000000010eea      0x1b2 Core/Src/fatfs_sd.o
 .debug_macro   0x000000000001109c       0x27 Core/Src/fatfs_sd.o
 .debug_macro   0x00000000000110c3      0x136 Core/Src/fatfs_sd.o
 .debug_macro   0x00000000000111f9      0x1bc Core/Src/fatfs_sd.o
 .debug_macro   0x00000000000113b5       0x34 Core/Src/fatfs_sd.o
 .debug_macro   0x00000000000113e9       0x3c Core/Src/fatfs_sd.o
 .debug_macro   0x0000000000011425       0x57 Core/Src/fatfs_sd.o
 .debug_macro   0x000000000001147c       0x88 Core/Src/fatfs_sd.o
 .debug_macro   0x0000000000011504      0x241 Core/Src/fatfs_sd.o
 .debug_macro   0x0000000000011745      0x141 Core/Src/fatfs_sd.o
 .debug_macro   0x0000000000011886      0x1ef Core/Src/fatfs_sd.o
 .debug_macro   0x0000000000011a75       0xec Core/Src/fatfs_sd.o
 .debug_macro   0x0000000000011b61      0x217 Core/Src/fatfs_sd.o
 .debug_macro   0x0000000000011d78      0x88b Core/Src/fatfs_sd.o
 .debug_macro   0x0000000000012603       0x83 Core/Src/fatfs_sd.o
 .debug_macro   0x0000000000012686       0x16 Core/Src/fatfs_sd.o
 .debug_macro   0x000000000001269c       0x7c Core/Src/fatfs_sd.o
 .debug_macro   0x0000000000012718       0x6a Core/Src/fatfs_sd.o
 .debug_macro   0x0000000000012782      0x21e Core/Src/main.o
 .debug_macro   0x00000000000129a0       0x34 Core/Src/main.o
 .debug_macro   0x00000000000129d4       0xde Core/Src/main.o
 .debug_macro   0x0000000000012ab2       0xf5 Core/Src/main.o
 .debug_macro   0x0000000000012ba7       0x8e Core/Src/main.o
 .debug_macro   0x0000000000012c35      0x1bd Core/Src/stm32f1xx_hal_msp.o
 .debug_macro   0x0000000000012df2      0x1db Core/Src/stm32f1xx_it.o
 .debug_macro   0x0000000000012fcd      0x1b4 Core/Src/system_stm32f1xx.o
 .debug_macro   0x0000000000013181      0x28e Core/Src/wave.o
 .debug_macro   0x000000000001340f       0x46 Core/Src/wave.o
 .debug_macro   0x0000000000013455      0x32a Core/Src/wave.o
 .debug_macro   0x000000000001377f       0x10 Core/Src/wave.o
 .debug_macro   0x000000000001378f       0x20 Core/Src/wave.o
 .debug_macro   0x00000000000137af      0x1d2 Drivers/STM32F1xx_HAL_Driver/Src/stm32f1xx_hal.o
 .debug_macro   0x0000000000013981      0x1ae Drivers/STM32F1xx_HAL_Driver/Src/stm32f1xx_hal_cortex.o
 .debug_macro   0x0000000000013b2f      0x219 Drivers/STM32F1xx_HAL_Driver/Src/stm32f1xx_hal_gpio.o
 .debug_macro   0x0000000000013d48      0x20e Drivers/STM32F1xx_HAL_Driver/Src/stm32f1xx_hal_pwr.o
 .debug_macro   0x0000000000013f56      0x1c0 Drivers/STM32F1xx_HAL_Driver/Src/stm32f1xx_hal_rcc.o
 .debug_macro   0x0000000000014116      0x1ae Drivers/STM32F1xx_HAL_Driver/Src/stm32f1xx_hal_rcc_ex.o
 .debug_macro   0x00000000000142c4      0x1bd Drivers/STM32F1xx_HAL_Driver/Src/stm32f1xx_hal_rtc.o
 .debug_macro   0x0000000000014481      0x1b6 Drivers/STM32F1xx_HAL_Driver/Src/stm32f1xx_hal_spi.o
 .debug_macro   0x0000000000014637      0x1af Drivers/STM32F1xx_HAL_Driver/Src/stm32f1xx_hal_tim.o
 .debug_macro   0x00000000000147e6      0x1ae Drivers/STM32F1xx_HAL_Driver/Src/stm32f1xx_hal_tim_ex.o
 .debug_macro   0x0000000000014994      0x210 FATFS/App/fatfs.o
 .debug_macro   0x0000000000014ba4       0xd8 FATFS/App/fatfs.o
 .debug_macro   0x0000000000014c7c      0x206 FATFS/Target/user_diskio.o
 .debug_macro   0x0000000000014e82      0x1fd Middlewares/Third_Party/FatFs/src/diskio.o
 .debug_macro   0x000000000001507f      0x444 Middlewares/Third_Party/FatFs/src/ff.o
 .debug_macro   0x00000000000154c3       0x58 Middlewares/Third_Party/FatFs/src/ff.o
 .debug_macro   0x000000000001551b      0x1fd Middlewares/Third_Party/FatFs/src/ff_gen_drv.o
 .debug_macro   0x0000000000015718      0x1eb Middlewares/Third_Party/FatFs/src/option/ccsbcs.o

.debug_line     0x0000000000000000     0xd874
 .debug_line    0x0000000000000000      0x97f Core/Src/fatfs_sd.o
 .debug_line    0x000000000000097f      0x816 Core/Src/main.o
 .debug_line    0x0000000000001195      0x6b5 Core/Src/stm32f1xx_hal_msp.o
 .debug_line    0x000000000000184a      0x6f7 Core/Src/stm32f1xx_it.o
 .debug_line    0x0000000000001f41      0x64f Core/Src/system_stm32f1xx.o
 .debug_line    0x0000000000002590      0x785 Core/Src/wave.o
 .debug_line    0x0000000000002d15       0x84 Core/Startup/startup_stm32f103c8tx.o
 .debug_line    0x0000000000002d99      0x7f7 Drivers/STM32F1xx_HAL_Driver/Src/stm32f1xx_hal.o
 .debug_line    0x0000000000003590      0x8d0 Drivers/STM32F1xx_HAL_Driver/Src/stm32f1xx_hal_cortex.o
 .debug_line    0x0000000000003e60      0x7f7 Drivers/STM32F1xx_HAL_Driver/Src/stm32f1xx_hal_gpio.o
 .debug_line    0x0000000000004657      0x79c Drivers/STM32F1xx_HAL_Driver/Src/stm32f1xx_hal_pwr.o
 .debug_line    0x0000000000004df3      0x8b9 Drivers/STM32F1xx_HAL_Driver/Src/stm32f1xx_hal_rcc.o
 .debug_line    0x00000000000056ac      0x6d7 Drivers/STM32F1xx_HAL_Driver/Src/stm32f1xx_hal_rcc_ex.o
 .debug_line    0x0000000000005d83      0xaa4 Drivers/STM32F1xx_HAL_Driver/Src/stm32f1xx_hal_rtc.o
 .debug_line    0x0000000000006827      0xfc5 Drivers/STM32F1xx_HAL_Driver/Src/stm32f1xx_hal_spi.o
 .debug_line    0x00000000000077ec     0x16bd Drivers/STM32F1xx_HAL_Driver/Src/stm32f1xx_hal_tim.o
 .debug_line    0x0000000000008ea9      0xc0a Drivers/STM32F1xx_HAL_Driver/Src/stm32f1xx_hal_tim_ex.o
 .debug_line    0x0000000000009ab3      0x6b0 FATFS/App/fatfs.o
 .debug_line    0x000000000000a163      0x6d3 FATFS/Target/user_diskio.o
 .debug_line    0x000000000000a836      0x6da Middlewares/Third_Party/FatFs/src/diskio.o
 .debug_line    0x000000000000af10     0x1ba0 Middlewares/Third_Party/FatFs/src/ff.o
 .debug_line    0x000000000000cab0      0x6d9 Middlewares/Third_Party/FatFs/src/ff_gen_drv.o
 .debug_line    0x000000000000d189      0x6eb Middlewares/Third_Party/FatFs/src/option/ccsbcs.o

.debug_str      0x0000000000000000    0x74098
 .debug_str     0x0000000000000000    0x6c0ae Core/Src/fatfs_sd.o
                                      0x6c3de (size before relaxing)
 .debug_str     0x000000000006c0ae      0xff8 Core/Src/main.o
                                      0x6d1f1 (size before relaxing)
 .debug_str     0x000000000006d0a6      0x33d Core/Src/stm32f1xx_hal_msp.o
                                      0x6c738 (size before relaxing)
 .debug_str     0x000000000006d3e3       0xe6 Core/Src/stm32f1xx_it.o
                                      0x6c32e (size before relaxing)
 .debug_str     0x000000000006d4c9       0xc2 Core/Src/system_stm32f1xx.o
                                      0x6bc8a (size before relaxing)
 .debug_str     0x000000000006d58b     0x2f22 Core/Src/wave.o
                                      0x6f294 (size before relaxing)
 .debug_str     0x00000000000704ad       0x36 Core/Startup/startup_stm32f103c8tx.o
                                         0x63 (size before relaxing)
 .debug_str     0x00000000000704e3      0x3c5 Drivers/STM32F1xx_HAL_Driver/Src/stm32f1xx_hal.o
                                      0x6c29b (size before relaxing)
 .debug_str     0x00000000000708a8      0x2c8 Drivers/STM32F1xx_HAL_Driver/Src/stm32f1xx_hal_cortex.o
                                      0x6c2a9 (size before relaxing)
 .debug_str     0x0000000000070b70      0x324 Drivers/STM32F1xx_HAL_Driver/Src/stm32f1xx_hal_gpio.o
                                      0x6bfd4 (size before relaxing)
 .debug_str     0x0000000000070e94      0x519 Drivers/STM32F1xx_HAL_Driver/Src/stm32f1xx_hal_pwr.o
                                      0x6c173 (size before relaxing)
 .debug_str     0x00000000000713ad      0x257 Drivers/STM32F1xx_HAL_Driver/Src/stm32f1xx_hal_rcc.o
                                      0x6c00d (size before relaxing)
 .debug_str     0x0000000000071604       0xb9 Drivers/STM32F1xx_HAL_Driver/Src/stm32f1xx_hal_rcc_ex.o
                                      0x6bd9a (size before relaxing)
 .debug_str     0x00000000000716bd      0x364 Drivers/STM32F1xx_HAL_Driver/Src/stm32f1xx_hal_rtc.o
                                      0x6c120 (size before relaxing)
 .debug_str     0x0000000000071a21      0x52a Drivers/STM32F1xx_HAL_Driver/Src/stm32f1xx_hal_spi.o
                                      0x6c4fb (size before relaxing)
 .debug_str     0x0000000000071f4b      0xd7c Drivers/STM32F1xx_HAL_Driver/Src/stm32f1xx_hal_tim.o
                                      0x6cdd8 (size before relaxing)
 .debug_str     0x0000000000072cc7      0x52f Drivers/STM32F1xx_HAL_Driver/Src/stm32f1xx_hal_tim_ex.o
                                      0x6c5d8 (size before relaxing)
 .debug_str     0x00000000000731f6       0x2f FATFS/App/fatfs.o
                                      0x6c588 (size before relaxing)
 .debug_str     0x0000000000073225       0x5a FATFS/Target/user_diskio.o
                                      0x6c5ce (size before relaxing)
 .debug_str     0x000000000007327f       0x52 Middlewares/Third_Party/FatFs/src/diskio.o
                                      0x6c4bf (size before relaxing)
 .debug_str     0x00000000000732d1      0xcbb Middlewares/Third_Party/FatFs/src/ff.o
                                      0x6d328 (size before relaxing)
 .debug_str     0x0000000000073f8c       0xa2 Middlewares/Third_Party/FatFs/src/ff_gen_drv.o
                                      0x6c510 (size before relaxing)
 .debug_str     0x000000000007402e       0x6a Middlewares/Third_Party/FatFs/src/option/ccsbcs.o
                                      0x6c2b0 (size before relaxing)

.comment        0x0000000000000000       0x7b
 .comment       0x0000000000000000       0x7b Core/Src/fatfs_sd.o
                                         0x7c (size before relaxing)
 .comment       0x000000000000007b       0x7c Core/Src/main.o
 .comment       0x000000000000007b       0x7c Core/Src/stm32f1xx_hal_msp.o
 .comment       0x000000000000007b       0x7c Core/Src/stm32f1xx_it.o
 .comment       0x000000000000007b       0x7c Core/Src/system_stm32f1xx.o
 .comment       0x000000000000007b       0x7c Core/Src/wave.o
 .comment       0x000000000000007b       0x7c Drivers/STM32F1xx_HAL_Driver/Src/stm32f1xx_hal.o
 .comment       0x000000000000007b       0x7c Drivers/STM32F1xx_HAL_Driver/Src/stm32f1xx_hal_cortex.o
 .comment       0x000000000000007b       0x7c Drivers/STM32F1xx_HAL_Driver/Src/stm32f1xx_hal_gpio.o
 .comment       0x000000000000007b       0x7c Drivers/STM32F1xx_HAL_Driver/Src/stm32f1xx_hal_pwr.o
 .comment       0x000000000000007b       0x7c Drivers/STM32F1xx_HAL_Driver/Src/stm32f1xx_hal_rcc.o
 .comment       0x000000000000007b       0x7c Drivers/STM32F1xx_HAL_Driver/Src/stm32f1xx_hal_rcc_ex.o
 .comment       0x000000000000007b       0x7c Drivers/STM32F1xx_HAL_Driver/Src/stm32f1xx_hal_rtc.o
 .comment       0x000000000000007b       0x7c Drivers/STM32F1xx_HAL_Driver/Src/stm32f1xx_hal_spi.o
 .comment       0x000000000000007b       0x7c Drivers/STM32F1xx_HAL_Driver/Src/stm32f1xx_hal_tim.o
 .comment       0x000000000000007b       0x7c Drivers/STM32F1xx_HAL_Driver/Src/stm32f1xx_hal_tim_ex.o
 .comment       0x000000000000007b       0x7c FATFS/App/fatfs.o
 .comment       0x000000000000007b       0x7c FATFS/Target/user_diskio.o
 .comment       0x000000000000007b       0x7c Middlewares/Third_Party/FatFs/src/diskio.o
 .comment       0x000000000000007b       0x7c Middlewares/Third_Party/FatFs/src/ff.o
 .comment       0x000000000000007b       0x7c Middlewares/Third_Party/FatFs/src/ff_gen_drv.o
 .comment       0x000000000000007b       0x7c Middlewares/Third_Party/FatFs/src/option/ccsbcs.o

.debug_frame    0x0000000000000000     0x4460
 .debug_frame   0x0000000000000000      0x268 Core/Src/fatfs_sd.o
 .debug_frame   0x0000000000000268      0x114 Core/Src/main.o
 .debug_frame   0x000000000000037c      0x114 Core/Src/stm32f1xx_hal_msp.o
 .debug_frame   0x0000000000000490      0x148 Core/Src/stm32f1xx_it.o
 .debug_frame   0x00000000000005d8       0x58 Core/Src/system_stm32f1xx.o
 .debug_frame   0x0000000000000630       0x5c Core/Src/wave.o
 .debug_frame   0x000000000000068c      0x334 Drivers/STM32F1xx_HAL_Driver/Src/stm32f1xx_hal.o
 .debug_frame   0x00000000000009c0      0x428 Drivers/STM32F1xx_HAL_Driver/Src/stm32f1xx_hal_cortex.o
 .debug_frame   0x0000000000000de8      0x14c Drivers/STM32F1xx_HAL_Driver/Src/stm32f1xx_hal_gpio.o
 .debug_frame   0x0000000000000f34      0x270 Drivers/STM32F1xx_HAL_Driver/Src/stm32f1xx_hal_pwr.o
 .debug_frame   0x00000000000011a4      0x21c Drivers/STM32F1xx_HAL_Driver/Src/stm32f1xx_hal_rcc.o
 .debug_frame   0x00000000000013c0       0x84 Drivers/STM32F1xx_HAL_Driver/Src/stm32f1xx_hal_rcc_ex.o
 .debug_frame   0x0000000000001444      0x434 Drivers/STM32F1xx_HAL_Driver/Src/stm32f1xx_hal_rtc.o
 .debug_frame   0x0000000000001878      0x824 Drivers/STM32F1xx_HAL_Driver/Src/stm32f1xx_hal_spi.o
 .debug_frame   0x000000000000209c     0x10e8 Drivers/STM32F1xx_HAL_Driver/Src/stm32f1xx_hal_tim.o
 .debug_frame   0x0000000000003184      0x5c0 Drivers/STM32F1xx_HAL_Driver/Src/stm32f1xx_hal_tim_ex.o
 .debug_frame   0x0000000000003744       0x4c FATFS/App/fatfs.o
 .debug_frame   0x0000000000003790       0xc4 FATFS/Target/user_diskio.o
 .debug_frame   0x0000000000003854       0xec Middlewares/Third_Party/FatFs/src/diskio.o
 .debug_frame   0x0000000000003940      0x9ac Middlewares/Third_Party/FatFs/src/ff.o
 .debug_frame   0x00000000000042ec       0xc8 Middlewares/Third_Party/FatFs/src/ff_gen_drv.o
 .debug_frame   0x00000000000043b4       0x60 Middlewares/Third_Party/FatFs/src/option/ccsbcs.o
 .debug_frame   0x0000000000004414       0x2c /opt/stm32cubeide/plugins/com.st.stm32cube.ide.mcu.externaltools.gnu-tools-for-stm32.7-2018-q2-update.linux64_1.0.0.201904181610/tools/bin/../lib/gcc/arm-none-eabi/7.3.1/../../../../arm-none-eabi/lib/thumb/v7-m/libc_nano.a(lib_a-init.o)
 .debug_frame   0x0000000000004440       0x20 /opt/stm32cubeide/plugins/com.st.stm32cube.ide.mcu.externaltools.gnu-tools-for-stm32.7-2018-q2-update.linux64_1.0.0.201904181610/tools/bin/../lib/gcc/arm-none-eabi/7.3.1/../../../../arm-none-eabi/lib/thumb/v7-m/libc_nano.a(lib_a-memset.o)
